a test! atest! a test!

test
thisissometext
this is the_same text
that[1] is a link
This email is_fake[2]


###### References ######
   1. http://goo
   2. http://goo
