a test! atest! a test!

test
thisissometext
this is the_same text
that is a link
This email is_fake
