 __________________________________________________
|New_Diffs|Int_Diffs|Size_Diffs|Diffs|New_Sucs|Sucs|
|________0|________0|_________0|____0|_______0|__56|


#### Lrg List ####
 _____________________________________________________________________________
|Lrg                |New Diffs|Int Diffs|Size   |Diffs|New Sucs|Sucs|Status   |
|___________________|_________|_________|Diffs__|_____|________|____|_________|
|lrgdbconcmrbdtool_ |        0|        0|      0|    0|       0|  56|completed|
|bdcell_____________|_________|_________|_______|_____|________|____|_________|
