Kunt u deze mail niet goed lezen? | Klik hier[1] voor de online versie 


###### References ######
   1. https://email.waternet.nl/mailview/default.aspx?msg=fooobar
