Kunt u deze mail niet goed lezen? | Klik hier voor de online versie 
