Supersedes: https://archives.gentoo.org/gentoo-dev/message/
06b4c45858a15e78cb44efd6cf679600[1]

I would like to reserve GID 407 for games-util/gamemode.

As far as I can tell, GID 407 is free [1]

Here's a PR for this change [2]

[1] https://api.gentoo.org/uid-gid.txt[2]
[2] https://github.com/gentoo/gentoo/pull/13158[3]

Am Mi., 16. Okt. 2019 um 21:12 Uhr schrieb K K <xxxxxxxx77+bgo@xxxxx.com[4]>:
> Resent because I used the wrong "From:"...
>
> Am Mo., 14. Okt. 2019 um 10:13 Uhr schrieb K K <xxxxxxxx77@xxxxx.com[5]>:
> >
> > I would like to reserve GID 405 for games-util/gamemode.
> >
> > As far as I can tell, GID 405 is free [1]
> >
> > Here's a PR for this change [2]
> >
> > [1] https://api.gentoo.org/uid-gid.txt[6]
> > [2] https://github.com/gentoo/gentoo/pull/13158[7]


###### References ######
   1. https://archives.gentoo.org/gentoo-dev/message/
      06b4c45858a15e78cb44efd6cf679600
   2. https://api.gentoo.org/uid-gid.txt
   3. https://github.com/gentoo/gentoo/pull/13158
   4. mailto:xxxxxxxx77%2Bbgo@xxxxx.com
   5. mailto:xxxxxxxx77@xxxxx.com
   6. https://api.gentoo.org/uid-gid.txt
   7. https://github.com/gentoo/gentoo/pull/13158
