Team,

WeÂ move to test ne release now. ðŸ˜€ In our first test phase, we do not alter our
tests, but use the same tests against old. Â Our objective of this phase is to
find new issues with OLD tests. Â You can see our progress from http://bla/
summary04152020.html[1].


The following table in the report shows our bug progress. Â You can see more
information by clicking the links in the table.Â 
 ___________________________________________________________________
|Date_________________________|4/15______________|4/8_______________|
|New__________________________|Â 69[2]____________|Â 67[3]____________|
|Closed_______________________|Â 71[4]____________|Â _________________| Â 
|Deferred_____________________|182[5]____________|142[6]____________|
|HOT__________________________|Â 70[7]____________|Â 63[8]____________|
|odd(reported from old | rest)|    Â 1581[9]Â      |    Â 1589[12]Â     |
|_____________________________|(1136[10]|389[11])|(1167[13]|422[14])|

Â 
Weâ€™d like to learn and understand new/enhanced features introducing. Â Please
help us. Â :)


Thanks

A & B


###### References ######
   1. http://bla/summary04152020.html
   2. http://bugs
   3. http://bugs
   4. http://closed
   5. http://deferred
   6. http://deferred
   7. http://hot
   8. http://hot
   9. http://odd
  10. http://odd
  11. http://odd
  12. http://odd
  13. http://odd
  14. http://odd
